all_in.txt: 447 tracks, 112 already resolved, 336 to do
  ok   Moby - In This World (Amonita & Makebo Edit) - 2020
  ok   Andre Rizo - Colindul Cerbui (feat. Narcia Suciu) - 2016
  ok   Legroni, Peredel, Ilana Lorraine - Feel Me - 2020
  ok   Joseph Ray - Blue Nights (Mixed) - 2023
  ok   Above & Beyond - Sun In Your Eyes - 2025
  ok   Joseph Ray - Cos Of You - 2023
  ok   Kcik - In My Mind - 2013
  ok   Serious Dancers - Callahan - 2023
  ok   Nursultan Kun, Soul Engineers - Dusk Symphony - 2023
  ok   Jody Wisternoff, Blake.08 - BLAM - 2024
  ok   Felix Raphael, Ghenwa Nemnom - Miracle - 2022
  ok   UOAK, Jope - Can You See (Soul Engineers Remix) - 2024
  MISS Amonita, Natalia Shapovalova - Secret of Happiness - ?
  ok   Sabo, Namito, Bahramji - Celebration Santoor - 2020
  ok   The Thrillseekers, Fisher - The Last Time (Club Mix) - 2008
  ok   Moojo, Da Capo - Secret ID - 2023
  ok   Mark Alow - Trip To The Lonely Planet - 2018
  ok   Mayro - Overtime - 2024
  ok   Something Good, Yotto - Rhythm (Of The Night) - 2022
  ok   Mark Alow - Shaman - 2016
  ok   Nox Vahn, Marsh - Come Together (Matthias Meyer Remix) - 2020
  ok   Durante - Leonid - 2024
  MISS Elliot Moriarty - By My Side - ?
  ok   Krasa Rosa - Gorushko - 2022
  ok   Shortcut - Hope - 2022
  ok   Marsh, Wassu, Mariel Beausejour - Forgiveness - 2023
  ok   Way Out West - Future Perfect (Henry Saiz Mix) - 2014
  ok   Dido - Thank You (Deep Dish Vocal) - 2018
  ok   Shai T, Shai Tibi - We Will Dance Again - 2024
  ok   Jon Gurd - Together (Tom Demac Extended Mix) - 2021
  ok   Eli Spiral, Enertia-sound, Echo Daft, KAZKO - Coded (Remix) - 2023
  ok   Hraach - Focus - 2024
  ok   Sander van Doorn, LVNDSCAPE - Need To Feel Loved - 2017
  ok   Florence & The Machine - Spectrum (Say My Name) [Marco Generani Remix] - 2023
  ok   Years & Years - Desire (Ivahn Johan Afro House Remix) - 2025
  ok   Rivo vs Armin van Buuren feat. Sharon Den Adel - In And Out Of Love - 2024
  ok   Adam Port, Stryv - Move feat. Malachiii (Extended Version) - 2024
  ok   Toni Braxton - Un-break My Heart (Lazaros Afro Remake) - 2025
  ok   Francis Mercier, Magic System - Premier Gaou (Nitefreak Remix) - 2025
  ok   PLS&TY, Sofiya Nzau, Antdot - Your Love (Antdot Remix) - 2025
  ok   Joezi, Coco, Pape Diouf - 7 Seconds - 2023
  ok   Irina Rimes - Visele - 2016
  ok   Goldcher, Irina Rimes, Manuel Riva - Matahale - 2024
  ok   Tayna - Si Ai (Marshmello & UKAY Remix) - 2024
  ok   Tyla - Water (Mindloco Remix) - 2024
  ok   Zee Essential, Bun Xapa, Toshi - Ibala - 2023
  ok   Super Flu - Believe - 2024
  ok   Tabia, Maz (BR), MAXI MERAKI, APACHE (FR) - Nothing On Me, Baby (Mont Rouge & Moojo Edit) - 2023
  ok   David Ciente, Irina Rimes - Ielele - 2023
  ok   Kelis, Alex Wann - Milkshake 20 (Alex Wann Remix) - 2024
  ok   Shouse - Love Tonight (Vintage Culture & Kiko Franco Remix Edit) - 2021
  ok   Ezequiel Arias, Sebastian Sellares - Infinity (Mixed) - 2024
  ok   Mat.Joe, C'mon, Otistic - Sunflower - ?
  ok   Above & Beyond, OceanLab - Sirens Of The Sea (Marsh Remix) - 2020
  ok   Marsh - Mercy - 2024
  ok   Magnat & Feoctist - Bună Rea - 2023
  ok   Kamilos Kamilos - Marsh X Volen Sentir feat. XIRA - Different - 2024
  ok   Tube & Berger - Daily Twist - 2022
  ok   Callecat, Nick Varonn - Beyond Perceptions (Hernan Cattaneo & Jamie Stevens Remix) - 2024
  ok   MuSol, Davos - All This Love - 2023
  ok   Echo Daft - Echoes - 2022
  ok   Franco Camiolo - Speculating As Unknown (Echo Daft Remix) - 2022
  ok   GNTLMN - Soulva - Odyssey - 2025
  ok   storytellers - Unknown - B1 [JOKER002] - 2019
  ok   Music On - Nacho Scoppa - Y qué (Edit) - 2025
  ok   Houseum - Robert Cecil - This Time Around - 2021
  MISS SIT, Cristi Cons, Vlad Caia - Furtuna - ?
  MISS Thee Gobbs, AraSoul Sax - No Words - ?
  ok   James Grant - Nightwhisper - 2020
  ok   Marsh, Phenoir, Mariel Beausejour - Don't Wait - 2020
  ok   Sajmoonn - Mon Coeur (feat. TABLE) - 2024
  ok   Jody Wisternoff - The Bridge - 2015
  ok   Nora En Pure - Delta - 2020
  ok   Ruvenzori RVNZ - Talemates - Rabavi - 2022
  ok   When We Dip - Emi Galvan & DJ Zombi - Frequency Shift [Songuara] - 2024
  ok   Amonita - Jungle Blues (Makebo Remix) - 2023
  ok   Analog Jungs - Bridge - 2023
  ok   Gorje Hewek, Makebo, Amonita, Maxim Butylev, Natalia Shapovalova - Never Been - 2026
  ok   Hraach, Armen Miran - Rekindle - 2024
  ok   Nora En Pure - Spring Embers - 2023
  ok   Mayro - Harvest - 2022
  ok   Mike Rish - The Quest (Kabi Remix) - 2022
  ok   Paul Thomas, Christian Burns - Enjoy the Silence - 2024
  ok   Dhany G, Ryan (CUB) - Antar (Sebastian Haas Remix) - 2021
  ok   Teklix - Alchemist - 2022
  ok   Franky Wah feat. AETHO - Should Have Seen It Coming (Yotto Remix) - 2021
  ok   Roy Rosenfeld - Lift of Love - 2020
  ok   Talemates - Phonga - 2022
  ok   Shai T, Shai Tibi - Summer O'clock - 2023
  ok   Sultan + Shepard - Indigo - 2021
  ok   Makebo - Upside Down - 2022
  ok   Tonaco, Noronha - Konvergence - 2022
  ok   Mark Alow - Northern Lights - 2016
  ok   R.M - Chikyu-u 002 - 2017
  ok   yungpolar - Last Station - 2024
  ok   Colau - I Know You Love Me - 2023
  ok   Kcik - 37-a (Take Me Home) - 2024
  ok   Gorillaz - Feel Good Inc. (DJibouti Dub) - 2023
  ok   Vintage & Morelli - Tsukiakari Ame (Deep Mix) - 2014
  ok   Fake Moses - See The Sea - 2025
  ok   Henrik Villard - Find A Certain Way - 2021
  ok   Be Svendsen - Bones (Be Svendsen's Rodeo Rerub) - 2016
  ok   Dave Andres - Savannah - 2024
  ok   Deep Spelle - Funk Foot - 2016
  ok   Krasa Rosa - Solnce - 2022
  ok   Mike Rish - Cloudbreaker - 2025
  ok   Marsh, Volen Sentir - Ascension - 2025
  ok   Söhns, Pambouk - Canyon Beauty - 2021
  ok   Above & Beyond, Marty Longstaff - Gratitude (anamē Extended PM Mix) - 2022
  ok   Adam Nickey - Never Gone (Above & Beyond Respray) - 2007
  ok   Nox Vahn - When I'm With You - 2023
  ok   Hraach - Delirio - 2016
  ok   Khen, Hen Falah - Out Of A Dream - ?
  ok   Nora En Pure - Pretoria - 2024
  ok   Sébastien Léger - Ariana - 2023
  ok   Nox Vahn - Brainwasher (Warung Remix) - 2021
  ok   Newman (I Love) - The Moon and the Stars - 2025
  ok   Tom Odell - Another Love (Tiësto Remix) - 2024
  ok   Gentleman & Juvedybo - Jazzy Night - 2025
  ok   Shai T - Gates of Thēbai - 2021
  ok   Guy J - Stranger In A Strange World - 2025
  ok   Simon Vuarambon - Lazos - 2021
  ok   K Loveski, Geronimo Eguiguren - Kamikaze (Simos Tagias Remix) - 2023
  ok   Caymáne - Catch & Feel - 2022
  ok   Avoure - Aura - 2018
  ok   Cerf， Mitiska & Jaren - Man On The Run (Avenue One Extended Remix) - 2023
  ok   Dosem - On Board - 2018
  ok   Krasa Rosa - Zigzag - 2024
  ok   Unknown Civilian - B2 [URB001] - 2020
  ok   PROFF - Snowflake - 2024
  ok   beatsbyhand, Kali Mija - Gypsy Woman (She's Homeless) (Radio Edit) - 2023
  ok   Above & Beyond - Surge (PROFF & Igor Garanin Extended Mix) - 2023
  ok   Bondarev - Meteora (Cosmonaut Remix) - 2024
  ok   DJ DALI - Baglami - 2022
  ok   Emi Galvan - Crabo - 2020
  ok   Samantha Loveridge, Treetalk - Losing My Religion - 2023
  ok   Tube & Berger, Juliet Sikora - Come on Now (Set It Off) (Radio Edit) - 2014
  ok   Volen Sentir, Andrew Lemeshko, Davit Patvakanyan - Moment Of Peace - 2026
  ok   Marsh - Follow Me - 2023
  MISS Otistic - Down - ?
  ok   REBRN - KOKA - 2023
  ok   Âme - Den Råtta (feat. Vulkano) - 2013
  MISS Atley Bestoren, Cafe De Anatolia - Happiness Leaves - ?
  ok   Kasper Koman - Hi - 2018
  MISS Makebo, Volen Sentir, Andrey Lemeshko, Davit Patvakanyaan, Maxim Butylev - Into the Stars - ?
  ok   Martin Roth - Keep It Movin' - 2025
  ok   Mark Alow - Luna Llena - 2017
  ok   Yotto - Another Riff For The Good Times - 2020
  ok   Emi Galvan - Samsara - 2023
  ok   Monolink - Father Ocean (Ben Böhmer Remix) - 2025
  ok   Xinobi - Far Away Place (Jody Wisternoff & James Grant Remix) - 2017
  ok   Hot Since 82, Alex Mills, Daley Padley, Daley Padley - Vapours - 2019
  ok   Marsh X Volen Sentir - ID feat. XIRA - 2024
  ok   Volen Sentir - Ororel - 2022
  ok   Marsh - Fable (ABGT450WD) - 2021
  ok   Ben Böhmer, Malou - Lost In Mind (Volen Sentir Extended Vision) - 2022
  ok   Jan Blomqvist, Elena Pitoulis - More - 2016
  ok   Above & Beyond - Sun In Your Eyes (Spencer Brown Edit) - 2021
  ok   Farius, Ben Malone - Extensia - 2023
  ok   Marsh - Veil - 2025
  ok   Andre Rizo, Lola Jane - Kiss me - 2018
  ok   Monkey Safari - Safe (Joris Voorn Remix) - 2022
  ok   Above & Beyond, Gemma Hayes - Counting Down The Days (Yotto Remix) - 2015
  ok   Bob Sinclar - World Hold On (Children Of The Sky) - 2006
  MISS Marcu Rares - Flamingo Ahead - ?
  MISS Mayro - Crazy Thoughts - ?
  ok   Unknown Artist - The High - 2019
  ok   Rønhöff, Qualista - Magical Place - 2025
  MISS Unsal Koksal, Cafe De Anatolia - Guess (Sax Edition) - ?
  ok   Acarya, Cafe De Anatolia - Optimized - 2025
  ok   Armen Miran, Nicolas Rada - Fall Away - 2021
  ok   Mark Alow - Tigris - 2020
  ok   Dave Andres - Romanian Identity - 2023
  ok   Erdi Irmak - Hannya (Rework) - 2022
  ok   Keanler - Lost Home - 2024
  ok   Kasper Koman - Fruit - 2022
  ok   Volen Sentir - Na Dvore Dozhd - 2018
  ok   Fred Again, The Blessed Madonna X Shakedown - (We’ve Lost Dancing) X At Night (SWITCH DISCO EDIT) - 2023
  ok   YOTTO - Just Over - 2023
  ok   Emotional - Be With You - 2024
  ok   Moeaike - Everyone Else - 2023
  ok   Demayä - Shadows (Samm (BE) Remix) - 2026
  ok   Zakes Bantwini - Osama - 2021
  ok   Soulroots - Sala Papa Ye - 2025
  ok   Black Circle - Reasons - 2022
  ok   Joan Sebastian - Sentimental (Sombras) - 2025
  ok   D I N - Parakata - 2023
  ok   Beard2Beard - Bollywood - 2024
  MISS MI.LA - Nishati (Soul Engineers Remix) - ?
  ok   Maxim Zatonski - Welcome To Qatar - 2025
  ok   Backeer - Nikotam - 2023
  ok   AMÉMÉ - TORERO - 2024
  MISS Tamer ElDerini - Zurna - ?
  MISS Savage & SHē - In The Dark (Radio Edit) - ?
  MISS Dani Masi - Vagabundo de Glock - ?
  ok   Neil Amarey - La Tromba (Edit) - 2023
  MISS Tobias Bergson - Eschenbach - ?
  ok   Dj Dark - Zorba's Dance (Sirtaki) (Extended) - 2025
  ok   No Parachute - Inxeba - 2025
  ok   Danny Slim - Haide - 2022
  ok   Tebra - Aberdar - 2025
  ok   Felipe Puertes - Dope Shit - 2025
  MISS Mentol - Ring of Fire - ?
  MISS Meliora - Pendienti A Mi - ?
  MISS Andrew Dum - Les Djinns (Radio Edit) - ?
  ok   Safar (FR) - Voodoo People - 2022
  ok   Simone Vitullo & Tanit - Rorogwela - 2021
  ok   Khen - Yellow - 2022
  ok   Nico Morano & Mewhy - Everything I Own (Gorje Hewek Remix) - 2024
  ok   Arkadyan - Tulila (Safar FR Remix) - 2022
  MISS Ry X - Only (Fejká's Sunrise Edit) - ?
  ok   Booka Shade - Love Inc - 2013
  ok   Maga, Sean Doron & Tim Engelhardt - You & I, Paradise - 2022
  ok   Mandy & Booka Shade - O Superman (SIS Remix) [feat. Laurie Anderson] - 2020
  ok   Above & Beyond, anamē, Marty Longstaff - Gratitude (Sébastien Léger Remix) - 2022
  MISS Underher - Damaged Goods (feat. Fina Catalino) [Uoenes Future Funk Remix] - ?
  ok   Tim Engelhardt - Follow - 2022
  ok   Above & Beyond, Zoë Johnston - Crazy Love (ANUQRAM Extended Mix) - 2024
  MISS Mx Cartier & Luca - Oh Na Ri Na - ?
  ok   Billie Eilish - Everything I Wanted - 2020
  ok   Liyv - Throne - 2020
  ok   Evren Furtuna - Cupid - 2021
  MISS ATANA, Alexis Chevalerias - I Can't Stay Forever - ?
  ok   Paul Roux - Hold On - 2024
  ok   Ben Samuel - Toscana - 2016
  ok   Four Candles - Inner - 2024
  MISS Dst & Kjex - Kaputt (Karmon Remix) - ?
  ok   Roy Rosenfeld - The Biggest Heart - 2019
  ok   Deek That - Kupanda Kupumua - 2022
  ok   Cruz Vittor, Nacho Varela, Nauel, Volen Sentir - Underworld (Volen Sentir Remix) - 2026
  ok   DJ Danjer - Green Sky - 2023
  ok   Bona Fide & Wassu - Love Sparkles - 2022
  ok   Andre Rizo, VICTHOR - Sombrita - 2017
  MISS Starvoz - The Finishing (Viken Arman Remix) - ?
  ok   Mobb Deep & Nick Morgan - Shook Ones, Pt. III - 2024
  ok   Moby - Why Does My Heart Feel So Bad？(Lukas Grinys Edit) - 2016
  ok   Naarly, Sickluv, Thabza De Soul - What I Need - 2025
  ok   Sweetpower - Happy Days (Radio Edit) - 2022
  ok   Maesic & Marshall Jefferson - Life Is Simple (Move Your Body) feat. Salomé Das Helix - 2025
  ok   Orkidea - Nana (Jerome Isma-Ae Remix) - 2010
  ok   Marc Van Linden Feat. Steve Murano - I Like It (Marc Van Linden - Edit) - 2011
  ok   Yotto, Something Good - Rhythm (Of The Night) - 2022
  ok   Simon Doty - Have You Ever？ - 2023
  ok   Shingo Nakamura, Stendahl - Time - 2024
  ok   Argy, Goom Gum - Pantheon - 2023
  ok   Mr. Mojo (DE), MiekeJames, Kyotto - Senses (Kyotto Extended Remix) - 2025
  ok   RIGOONI - Petrichor - 2021
  MISS Wassu, Djimboh, James Howe, Weston Butler - Saru - ?
  ok   Serious Dancers - Callahan (Tim Green Edit) - 2023
  ok   Tim Green - To Know Nothing - 2020
  ok   Weird Sounding Dude - Hyper Dream - 2021
  ok   foglight - Feel Again - 2022
  ok   Khen, Hen Falah - Babylon - 2024
  ok   Maze 28 - Eureka - 2024
  ok   Like Mike, Eden Shalev, Michael Thivaios - Dale - 2023
  ok   MDROM - Shine - 2025
  ok   Jan Blomqvist - The Space In Between (Ben Böhmer Remix) - 2018
  ok   Lynnic - Rise - 2024
  ok   Sebastian Sellares - Timeless Era - 2024
  ok   Volen Sentir - Kailas - 2019
  ok   Bondarev - Remote Control (HAFT Remix) - 2025
  ok   Dmitry Molosh - Dreaming - 2025
  ok   Solomon Grey - Miradors (Lane 8 Remix) - 2015
  ok   Volen Sentir - Arrival - 2018
  ok   Enviado Vida - Equilibrium Law - 2017
  ok   Ra5im - Creation - 2025
  ok   Sound Quelle - Lastecostra - 2023
  ok   Dokho - Finding Solane - 2026
  ok   Elypsis - Open Road - 2017
  ok   Etza - Este - 2024
  ok   A.M.R - Voyager - 2019
  ok   Flexible Fire - El Refugio - 2023
  ok   Marsh - Belle - 2017
  ok   Archaellum - Something Beautiful - 2026
  ok   RAINE - Nomad - 2026
  ok   rshand - Overthinking - 2025
  ok   Stendahl - Make You Mine - 2025
  ok   zensei ゼンセー, Delaney Kai - sound therapy - 2024
  ok   ORACLE - Breathless - 2026
  ok   Approaching Black, Shingo Nakamura - I'm Still Breathing - 2019
  ok   Dokho - One Night In Medellín - 2025
  ok   Dokho, Not Now Please - Two Lakes - 2025
  ok   Flexible Fire - Laguna Azul - 2023
  ok   Glaue - Kykeon - 2021
  ok   Grafine - Daylight - 2026
  ok   Jay FM - Come - 2018
  ok   DUALIS - Avalon - 2026
  ok   Nōpi - Bila - 2020
  ok   Shingo Nakamura, Warung - Worlds Apart - 2025
  ok   Approaching Black - Sensitive - 2022
  ok   Arnie Way - Only You - 2026
  ok   Flexible Fire - Costa Serena - 2023
  ok   oncor, Conro - by myself - 2025
  ok   Xynav - Northbound - 2026
  ok   Finding Mero - In Loving Memories - 2023
  ok   Flexible Fire - Alpina - 2023
  ok   A.M.R - A Flicker of Hope - 2025
  ok   Approaching Black - Amber Glow - 2026
  ok   Approaching Black - You Fill My Soul - 2022
  ok   Jake Kaiser - Kestrel - 2021
  ok   Jay FM - Wishful Thinking - 2025
  ok   oncor, Conro - find yourself again - 2025
  ok   Shingo Nakamura - Phenomena - 2021
  ok   Vintage & Morelli, Arielle Maren, RNX - Lonely Shore - 2019
  ok   Finding Mero - Wistful Waves - 2025
  ok   Approaching Black - Alone Again - 2017
  ok   Shingo Nakamura, Warung - Feeling - 2025
  ok   Dokho - Saganaki - 2023
  ok   Shingo Nakamura, MØØNE - Cautious Love - 2026
  ok   Blue Haze - Amber Glow (Blood Groove & Kikis Remix) - 2017
  ok   Sound Quelle - Aklana - 2024
  MISS Digital Mess - Deuterium - ?
  MISS Golan Zocher - Intervals - ?
  MISS Acarya, Qualista - Echoes From a Hidden Sky - ?
  MISS Montw - Trick - ?
  MISS Guy J - Element (Mixed) - ?
  ok   DSF - Yes, of Course - 2026
  ok   Elliot Moriarty - Simple Things - 2022
  MISS Ivan Garci - Pure Reflections - ?
  ok   Pambouk - Forest Language - 2021
  ok   Stereo Munk, Dublew - Blue Lagoon - 2023
  ok   Francisco Manrique - Yellow Tree - 2024
  ok   Alley SA - Cycles - 2025
  ok   Anriu - Hey Darling - 2024
  ok   Heikoon - Kalaa Malaa - 2026
  ok   Matías Delóngaro, Arun K - Esoteric (Arun K Remix) - 2026
  ok   Oovsha - Olyushka [Journey of the Soul] - 2025
  ok   Nicolas Viana - Dusk - 2026
  ok   Ranta, Miroshin - Labyrinth - 2025
  ok   Valdovinos - Linda (Your Life Is Your Life) - 2021
  MISS JFR, Juan Franco Rivero - Lasa - ?
  MISS Bodaishin, izhy, Kora (CA) - Daimoku (Kora Remix) - ?
  ok   Quasar - I Never Tought I'd See The Day - 2017
  ok   Bonetti - Deep Flavour - 2017
  MISS Figgy - Tell Me - ?
  MISS Sasha, Franky Wah, Alexander Coe, Luke Storrs - Haunted - ?
448 lines in ../MarcelVibe/_work/all_out.txt  (35 unresolved -> search links)
all_in.txt: 473 tracks, 412 already resolved, 69 to do
  MISS Amonita, Natalia Shapovalova - Secret of Happiness - ?
  MISS Elliot Moriarty - By My Side - ?
  ok   Kamilos Kamilos - Marsh X Volen Sentir feat. XIRA - Different - 2024
  ok   GNTLMN - Soulva - Odyssey - 2025
  ok   storytellers - Unknown - B1 [JOKER002] - 2019
  ok   Music On - Nacho Scoppa - Y qué (Edit) - 2025
  ok   Houseum - Robert Cecil - This Time Around - 2021
  MISS SIT, Cristi Cons, Vlad Caia - Furtuna - ?
  MISS Thee Gobbs, AraSoul Sax - No Words - ?
  ok   Ruvenzori RVNZ - Talemates - Rabavi - 2022
  ok   When We Dip - Emi Galvan & DJ Zombi - Frequency Shift [Songuara] - 2024
  MISS Otistic - Down - ?
  MISS Atley Bestoren, Cafe De Anatolia - Happiness Leaves - ?
  MISS Makebo, Volen Sentir, Andrey Lemeshko, Davit Patvakanyaan, Maxim Butylev - Into the Stars - ?
  MISS Marcu Rares - Flamingo Ahead - ?
  MISS Mayro - Crazy Thoughts - ?
  MISS Unsal Koksal, Cafe De Anatolia - Guess (Sax Edition) - ?
  MISS MI.LA - Nishati (Soul Engineers Remix) - ?
  MISS Tamer ElDerini - Zurna - ?
  MISS Savage & SHē - In The Dark (Radio Edit) - ?
  MISS Dani Masi - Vagabundo de Glock - ?
  MISS Tobias Bergson - Eschenbach - ?
  MISS Mentol - Ring of Fire - ?
  MISS Meliora - Pendienti A Mi - ?
  MISS Andrew Dum - Les Djinns (Radio Edit) - ?
  MISS Ry X - Only (Fejká's Sunrise Edit) - ?
  MISS Underher - Damaged Goods (feat. Fina Catalino) [Uoenes Future Funk Remix] - ?
  MISS Mx Cartier & Luca - Oh Na Ri Na - ?
  MISS ATANA, Alexis Chevalerias - I Can't Stay Forever - ?
  MISS Dst & Kjex - Kaputt (Karmon Remix) - ?
  MISS Starvoz - The Finishing (Viken Arman Remix) - ?
  ok   Marc Van Linden Feat. Steve Murano - I Like It (Marc Van Linden - Edit) - 2011
  MISS Wassu, Djimboh, James Howe, Weston Butler - Saru - ?
  MISS Digital Mess - Deuterium - ?
  MISS Golan Zocher - Intervals - ?
  MISS Acarya, Qualista - Echoes From a Hidden Sky - ?
  MISS Montw - Trick - ?
  MISS Guy J - Element (Mixed) - ?
  MISS Ivan Garci - Pure Reflections - ?
  MISS JFR, Juan Franco Rivero - Lasa - ?
  MISS Bodaishin, izhy, Kora (CA) - Daimoku (Kora Remix) - ?
  MISS Figgy - Tell Me - ?
  MISS Sasha, Franky Wah, Alexander Coe, Luke Storrs - Haunted - ?
  ok   Etherwood - Cast Away - 2015
  ok   Humanature - First Light - 2018
  ok   HumaNature - Memories - 2021
  MISS LiquidHour DnB, Nenad Markovic - Flux - ?
  MISS LiquidHour DnB, Nenad Markovic - Skittering Lamp Whirl - ?
  ok   Tom Walker - Better Half of Me (Etherwood Remix) - 2019
  ok   Alpha Rhythm, Ritual - Downcast - 2022
  ok   Emily Makis, Monrroe - Never Too Old (Friction Remix) - 2024
  ok   Etherwood, Eva Lazarus - Light My Way Home (feat. Eva Lazarus) - 2015
  ok   Hybrid Minds, Netsky - Let Me Hold You (Grafix Remix) - 2023
  ok   Fugees - Ready Or Not (Champion Bootleg) - 2010
  ok   Netsky, Becky Hill - Hold On - 2020
  MISS Papa Pedro, Piotr Ostrowski, Piotr Ostrowski - Goodbye - ?
  ok   Phaction, Leo Wood - Electric Wires - 2021
  ok   HumaNature, Tarz - Connection - 2017
  ok   Koven - Chase The Sun - 2023
  ok   Reflekt, Matrix, Delline Bass - Need To Feel Loved (Matrix Remix) - 2022
  ok   Technicolour, Komatic - The Glow - 2012
  ok   Culture Shock - Renaissance - 2019
  ok   Grafix - Radiance - 2019
  ok   Sub Focus, Wilkinson - Rock It (Wilkinson Remix) - 2021
  ok   Wilkinson - Decompression - 2018
  ok   Wilkinson, HAYLA - I Need (Wilkinson & Metrik Remix) - 2018
  MISS Erythh - SUBMITT - ?
  ok   Tantrum Desire - Cluster - 2024
  ok   Gydra - Ikra (Original Mix) - 2019
482 lines in ../MarcelVibe/_work/all_out.txt  (38 unresolved -> search links)
all_in.txt: 473 tracks, 435 already resolved, 46 to do
  MISS Amonita, Natalia Shapovalova - Secret of Happiness - ?
  MISS Elliot Moriarty - By My Side - ?
  ok   Kamilos Kamilos - Marsh X Volen Sentir feat. XIRA - Different - 2024
  ok   GNTLMN - Soulva - Odyssey - 2025
  ok   storytellers - Unknown - B1 [JOKER002] - 2019
  ok   Music On - Nacho Scoppa - Y qué (Edit) - 2025
  ok   Houseum - Robert Cecil - This Time Around - 2021
  MISS SIT, Cristi Cons, Vlad Caia - Furtuna - ?
  MISS Thee Gobbs, AraSoul Sax - No Words - ?
  ok   Ruvenzori RVNZ - Talemates - Rabavi - 2022
  ok   When We Dip - Emi Galvan & DJ Zombi - Frequency Shift [Songuara] - 2024
  MISS Otistic - Down - ?
  MISS Atley Bestoren, Cafe De Anatolia - Happiness Leaves - ?
  MISS Marcu Rares - Flamingo Ahead - ?
  MISS Mayro - Crazy Thoughts - ?
  MISS Unsal Koksal, Cafe De Anatolia - Guess (Sax Edition) - ?
  MISS MI.LA - Nishati (Soul Engineers Remix) - ?
  MISS Tamer ElDerini - Zurna - ?
  MISS Savage & SHē - In The Dark (Radio Edit) - ?
  MISS Dani Masi - Vagabundo de Glock - ?
  MISS Tobias Bergson - Eschenbach - ?
  MISS Mentol - Ring of Fire - ?
  MISS Meliora - Pendienti A Mi - ?
  MISS Andrew Dum - Les Djinns (Radio Edit) - ?
  MISS Ry X - Only (Fejká's Sunrise Edit) - ?
  MISS Underher - Damaged Goods (feat. Fina Catalino) [Uoenes Future Funk Remix] - ?
  MISS Mx Cartier & Luca - Oh Na Ri Na - ?
  MISS ATANA, Alexis Chevalerias - I Can't Stay Forever - ?
  MISS Dst & Kjex - Kaputt (Karmon Remix) - ?
  MISS Starvoz - The Finishing (Viken Arman Remix) - ?
  ok   Marc Van Linden Feat. Steve Murano - I Like It (Marc Van Linden - Edit) - 2011
  MISS Wassu, Djimboh, James Howe, Weston Butler - Saru - ?
  MISS Digital Mess - Deuterium - ?
  MISS Golan Zocher - Intervals - ?
  MISS Acarya, Qualista - Echoes From a Hidden Sky - ?
  MISS Montw - Trick - ?
  MISS Guy J - Element (Mixed) - ?
  MISS Ivan Garci - Pure Reflections - ?
  MISS JFR, Juan Franco Rivero - Lasa - ?
  MISS Bodaishin, izhy, Kora (CA) - Daimoku (Kora Remix) - ?
  MISS Figgy - Tell Me - ?
  MISS Sasha, Franky Wah, Alexander Coe, Luke Storrs - Haunted - ?
  MISS LiquidHour DnB, Nenad Markovic - Flux - ?
  MISS LiquidHour DnB, Nenad Markovic - Skittering Lamp Whirl - ?
  MISS Papa Pedro, Piotr Ostrowski, Piotr Ostrowski - Goodbye - ?
  MISS Erythh - SUBMITT - ?
490 lines in ../MarcelVibe/_work/all_out.txt  (38 unresolved -> search links)
